// Vitest Snapshot v1, https://vitest.dev/guide/snapshot.html

exports[`whim z <todo-service.ts> > whim z --no-color 1`] = `
"
Analyze path: /tmp/whim-repo-XXXX
-----------------------------------
* Define Source
  âŠ• source: whim-repo-XXXX
  * Analyze Actor
    * Discover Actor Facets
      â‡’ vcs: git
      â‡’ engine: node
      â‡’ package-file: package.json
      â‡’ facets: project
  * Reify Actor
    â‡’ name: todo-service

"
`;

exports[`whim z <todo-service.ts> > whim z 1`] = `
"
Analyze path: [32m/tmp/whim-repo-XXXX[39m
-----------------------------------
* Define Source
  [32mâŠ•[39m [35msource[39m: [36mwhim-repo-XXXX[39m
  * Analyze Actor
    * Discover Actor Facets
      [36mâ‡’[39m [34mvcs[39m: [36mgit[39m
      [36mâ‡’[39m [34mengine[39m: [36mnode[39m
      [36mâ‡’[39m [34mpackage-file[39m: [36mpackage.json[39m
      [36mâ‡’[39m [34mfacets[39m: [36mproject[39m
  * Reify Actor
    [36mâ‡’[39m [35mname[39m: [36mtodo-service[39m

"
`;
